#-----------------------------------------------------------
# Vivado v2023.1 (64-bit)
# SW Build 3865809 on Sun May  7 15:05:29 MDT 2023
# IP Build 3864474 on Sun May  7 20:36:21 MDT 2023
# SharedData Build 3865790 on Sun May 07 13:33:03 MDT 2023
# Start of session at: Wed Mar 13 13:07:13 2024
# Process ID: 7356
# Current directory: C:/Users/phony/Desktop/Poli/SOC/lab02_met2
# Command line: vivado.exe -gui_launcher_event rodinguilauncherevent19584 C:\Users\phony\Desktop\Poli\SOC\lab02_met2\lab02_met2.xpr
# Log file: C:/Users/phony/Desktop/Poli/SOC/lab02_met2/vivado.log
# Journal file: C:/Users/phony/Desktop/Poli/SOC/lab02_met2\vivado.jou
# Running On: ASUS-TUF-A15, OS: Windows, CPU Frequency: 3194 MHz, CPU Physical cores: 16, Host memory: 16371 MB
#-----------------------------------------------------------
start_gui
open_project C:/Users/phony/Desktop/Poli/SOC/lab02_met2/lab02_met2.xpr
update_compile_order -fileset sources_1
launch_simulation
source sim_N2.tcl
close_sim
launch_simulation
source sim_N2.tcl
close_sim
launch_simulation
source sim_N2.tcl
close_sim
launch_simulation
source sim_N2.tcl
close_sim
